../Drivers/STM32L0xx_HAL_Driver/Src/stm32l0xx_hal.c:204:13:HAL_MspInit	0	static
../Drivers/STM32L0xx_HAL_Driver/Src/stm32l0xx_hal.c:215:13:HAL_MspDeInit	0	static
../Drivers/STM32L0xx_HAL_Driver/Src/stm32l0xx_hal.c:178:19:HAL_DeInit	8	static
../Drivers/STM32L0xx_HAL_Driver/Src/stm32l0xx_hal.c:238:26:HAL_InitTick	16	static
../Drivers/STM32L0xx_HAL_Driver/Src/stm32l0xx_hal.c:140:19:HAL_Init	8	static
../Drivers/STM32L0xx_HAL_Driver/Src/stm32l0xx_hal.c:296:13:HAL_IncTick	0	static
../Drivers/STM32L0xx_HAL_Driver/Src/stm32l0xx_hal.c:307:17:HAL_GetTick	0	static
../Drivers/STM32L0xx_HAL_Driver/Src/stm32l0xx_hal.c:316:10:HAL_GetTickPrio	0	static
../Drivers/STM32L0xx_HAL_Driver/Src/stm32l0xx_hal.c:325:19:HAL_SetTickFreq	16	static
../Drivers/STM32L0xx_HAL_Driver/Src/stm32l0xx_hal.c:357:21:HAL_GetTickFreq	0	static
../Drivers/STM32L0xx_HAL_Driver/Src/stm32l0xx_hal.c:373:13:HAL_Delay	16	static
../Drivers/STM32L0xx_HAL_Driver/Src/stm32l0xx_hal.c:399:13:HAL_SuspendTick	0	static
../Drivers/STM32L0xx_HAL_Driver/Src/stm32l0xx_hal.c:415:13:HAL_ResumeTick	0	static
../Drivers/STM32L0xx_HAL_Driver/Src/stm32l0xx_hal.c:425:10:HAL_GetHalVersion	0	static
../Drivers/STM32L0xx_HAL_Driver/Src/stm32l0xx_hal.c:434:10:HAL_GetREVID	0	static
../Drivers/STM32L0xx_HAL_Driver/Src/stm32l0xx_hal.c:443:10:HAL_GetDEVID	0	static
../Drivers/STM32L0xx_HAL_Driver/Src/stm32l0xx_hal.c:452:10:HAL_GetUIDw0	0	static
../Drivers/STM32L0xx_HAL_Driver/Src/stm32l0xx_hal.c:461:10:HAL_GetUIDw1	0	static
../Drivers/STM32L0xx_HAL_Driver/Src/stm32l0xx_hal.c:470:10:HAL_GetUIDw2	0	static
../Drivers/STM32L0xx_HAL_Driver/Src/stm32l0xx_hal.c:499:6:HAL_DBGMCU_EnableDBGSleepMode	0	static
../Drivers/STM32L0xx_HAL_Driver/Src/stm32l0xx_hal.c:508:6:HAL_DBGMCU_DisableDBGSleepMode	0	static
../Drivers/STM32L0xx_HAL_Driver/Src/stm32l0xx_hal.c:517:6:HAL_DBGMCU_EnableDBGStopMode	0	static
../Drivers/STM32L0xx_HAL_Driver/Src/stm32l0xx_hal.c:526:6:HAL_DBGMCU_DisableDBGStopMode	0	static
../Drivers/STM32L0xx_HAL_Driver/Src/stm32l0xx_hal.c:535:6:HAL_DBGMCU_EnableDBGStandbyMode	0	static
../Drivers/STM32L0xx_HAL_Driver/Src/stm32l0xx_hal.c:544:6:HAL_DBGMCU_DisableDBGStandbyMode	0	static
../Drivers/STM32L0xx_HAL_Driver/Src/stm32l0xx_hal.c:558:6:HAL_DBGMCU_DBG_EnableLowPowerConfig	0	static
../Drivers/STM32L0xx_HAL_Driver/Src/stm32l0xx_hal.c:575:6:HAL_DBGMCU_DBG_DisableLowPowerConfig	0	static
../Drivers/STM32L0xx_HAL_Driver/Src/stm32l0xx_hal.c:612:11:HAL_SYSCFG_GetBootMode	0	static
../Drivers/STM32L0xx_HAL_Driver/Src/stm32l0xx_hal.c:629:6:HAL_SYSCFG_VREFINT_OutputSelect	0	static
../Drivers/STM32L0xx_HAL_Driver/Src/stm32l0xx_hal.c:643:6:HAL_SYSCFG_Enable_Lock_VREFINT	0	static
../Drivers/STM32L0xx_HAL_Driver/Src/stm32l0xx_hal.c:653:6:HAL_SYSCFG_Disable_Lock_VREFINT	0	static
