../Core/Src/tx_app.c:1892:13:OnP2PRxDone	8	static
../Core/Src/tx_app.c:1910:13:OnP2PRxTimeout	8	static
../Core/Src/tx_app.c:1918:13:OnP2PRxError	8	static
../Core/Src/tx_app.c:1965:13:OnTxData	0	static
../Core/Src/tx_app.c:1972:13:OnJoinRequest	0	static
../Core/Src/tx_app.c:1833:6:ReadInput4	8	static
../Core/Src/tx_app.c:1722:6:ReadInput1	8	static
../Core/Src/tx_app.c:1901:13:OnP2PTxTimeout	8	static
../Core/Src/tx_app.c:1926:13:OnRxData	16	static
../Core/Src/tx_app.c:1979:13:OnMacProcessNotify	8	static
../Core/Src/tx_app.c:1877:13:OnP2PTxDone	24	static
../Core/Src/tx_app.c:1955:13:SendTxData	16	static
../Core/Src/tx_app.c:316:16:FXOS8700CQInit.constprop	48	static
../Core/Src/tx_app.c:235:6:FXOS8700CQStandby	48	static
../Core/Src/tx_app.c:245:6:FXOS8700CQActive	48	static
../Core/Src/tx_app.c:258:6:FXOS8700CQReset	48	static
../Core/Src/tx_app.c:297:9:FXOS8700CQCheckCommunication	32	static
../Core/Src/tx_app.c:462:6:write_byte	32	static
../Core/Src/tx_app.c:753:9:squareRoot	16	static
../Core/Src/tx_app.c:772:5:FXOS8700CQCalibrate	56	static
../Core/Src/tx_app.c:1041:6:EEPROM_Write	8	static
../Core/Src/tx_app.c:1327:6:P2P_Radio_Init	72	static
../Core/Src/tx_app.c:1353:6:LoRaWAN_Mode_Init	16	static
../Core/Src/tx_app.c:1998:6:rx_bytes	64	static
../Core/Src/tx_app.c:1372:10:fillBufferAutoTx	16	static
../Core/Src/tx_app.c:1429:10:fillBufferManualTx	8	static
../Core/Src/tx_app.c:1472:6:LED_TX	40	static
../Core/Src/tx_app.c:1204:13:OnTxTimerLedEvent	16	static
../Core/Src/tx_app.c:1069:6:LED_Blink	16	static
../Core/Src/tx_app.c:1099:6:App_Send	80	static
../Core/Src/tx_app.c:1139:13:OnTimer	48	static
../Core/Src/tx_app.c:1277:13:OnBtnTimeoutTimer	16	static
../Core/Src/tx_app.c:1512:5:getInterruptFlag	0	static
../Core/Src/tx_app.c:1516:6:resetInterruptFlag	0	static
../Core/Src/tx_app.c:1521:6:FXOS8700CQForceSleep	40	static
../Core/Src/tx_app.c:1577:6:tratarInterrupcao	56	static
../Core/Src/tx_app.c:1850:6:EXTI_Init	40	static,ignoring_inline_asm
../Core/Src/tx_app.c:818:6:TxAppInit	104	static
